------------------------------------------------------------
TimeQuest Timing Analyzer Summary
------------------------------------------------------------

Type  : Slow Model Setup 'clk'
Slack : -2.895
TNS   : -426.899

Type  : Slow Model Setup 'rst'
Slack : -1.362
TNS   : -15.910

Type  : Slow Model Hold 'clk'
Slack : 0.445
TNS   : 0.000

Type  : Slow Model Hold 'rst'
Slack : 0.477
TNS   : 0.000

Type  : Slow Model Recovery 'clk'
Slack : -0.092
TNS   : -12.818

Type  : Slow Model Removal 'clk'
Slack : -0.045
TNS   : -1.260

Type  : Slow Model Minimum Pulse Width 'clk'
Slack : -1.631
TNS   : -233.811

Type  : Slow Model Minimum Pulse Width 'rst'
Slack : -1.631
TNS   : -1.631

Type  : Fast Model Setup 'clk'
Slack : -0.557
TNS   : -68.549

Type  : Fast Model Setup 'rst'
Slack : -0.008
TNS   : -0.008

Type  : Fast Model Hold 'clk'
Slack : -0.151
TNS   : -2.161

Type  : Fast Model Hold 'rst'
Slack : 0.310
TNS   : 0.000

Type  : Fast Model Recovery 'clk'
Slack : 0.235
TNS   : 0.000

Type  : Fast Model Removal 'clk'
Slack : -0.034
TNS   : -0.952

Type  : Fast Model Minimum Pulse Width 'clk'
Slack : -1.380
TNS   : -191.380

Type  : Fast Model Minimum Pulse Width 'rst'
Slack : -1.380
TNS   : -1.380

------------------------------------------------------------
